18:03:02 **** Build of project lab2_bsp ****
make -k all 
libgen -hw ../system_hw_platform/system.xml\
       \
       -pe ps7_cortexa9_0 \
       -log libgen.log \
       system.mss
libgen
Xilinx EDK 14.7 Build EDK_P.20131013
Copyright (c) 1995-2012 Xilinx, Inc.  All rights reserved.

Command Line: libgen -hw ../system_hw_platform/system.xml -pe ps7_cortexa9_0
-log libgen.log system.mss 


Staging source files.
Running DRCs.
Running generate.
Running post_generate.
Running include - 'gmake -s include "COMPILER=arm-xilinx-eabi-gcc"
"ARCHIVER=arm-xilinx-eabi-ar" "COMPILER_FLAGS= -O2 -c"
"EXTRA_COMPILER_FLAGS=-g"'.

Running libs - 'gmake -s libs "COMPILER=arm-xilinx-eabi-gcc"
"ARCHIVER=arm-xilinx-eabi-ar" "COMPILER_FLAGS= -O2 -c"
"EXTRA_COMPILER_FLAGS=-g"'.
Compiling common
arm-xilinx-eabi-ar: creating ../../../lib/libxil.a
Compiling standalone
Compiling gpio
Compiling canps
Compiling devcfg
Compiling dmaps
Compiling emacps
Compiling gpiops
Compiling iicps
Compiling qspips
Compiling scugic
Compiling scutimer
Compiling scuwdt
Compiling ttcps
Compiling uartps
Compiling usbps
Compiling wdtps
Compiling xadcps
Compiling cpu_cortexa9
Running execs_generate.
Finished building libraries
18:03:29 **** Build of configuration Debug for project lab2 ****
make all 
Building file: ../src/main.cc
Invoking: ARM g++ compiler
arm-xilinx-eabi-g++ -Wall -O0 -g3 -c -fmessage-length=0 -I../../lab2_bsp/ps7_cortexa9_0/include -MMD -MP -MF"src/main.d" -MT"src/main.d" -o "src/main.o" "../src/main.cc"
Finished building: ../src/main.cc
 
Building target: lab2.elf
Invoking: ARM g++ linker
arm-xilinx-eabi-g++ -Wl,-T -Wl,../src/lscript.ld -L../../lab2_bsp/ps7_cortexa9_0/lib -o "lab2.elf" ./src/main.o   -Wl,--start-group,-lxil,-lgcc,-lc,-lstdc++,--end-group
Finished building target: lab2.elf
 
Invoking: ARM Print Size
arm-xilinx-eabi-size lab2.elf  |tee "lab2.elf.size"
   text	   data	    bss	    dec	    hex	filename
  19548	   1096	  29788	  50432	   c500	lab2.elf
Finished building: lab2.elf.size
 
18:04:09 **** Auto Build of configuration Debug for project lab2 ****
make all 
Building file: ../src/main.cc
Invoking: ARM g++ compiler
arm-xilinx-eabi-g++ -Wall -O0 -g3 -c -fmessage-length=0 -I../../lab2_bsp/ps7_cortexa9_0/include -MMD -MP -MF"src/main.d" -MT"src/main.d" -o "src/main.o" "../src/main.cc"
Finished building: ../src/main.cc
 
Building target: lab2.elf
Invoking: ARM g++ linker
arm-xilinx-eabi-g++ -Wl,-T -Wl,../src/lscript.ld -L../../lab2_bsp/ps7_cortexa9_0/lib -o "lab2.elf" ./src/main.o   -Wl,--start-group,-lxil,-lgcc,-lc,-lstdc++,--end-group
Finished building target: lab2.elf
 
Invoking: ARM Print Size
arm-xilinx-eabi-size lab2.elf  |tee "lab2.elf.size"
   text	   data	    bss	    dec	    hex	filename
 468692	   2556	  38880	 510128	  7c8b0	lab2.elf
Finished building: lab2.elf.size
 
18:05:09 **** Incremental Build of configuration Debug for project lab2 ****
make all 
make: Nothing to be done for 'all'.
18:07:57 **** Incremental Build of configuration Debug for project lab2 ****
make all 
make: Nothing to be done for 'all'.
18:08:22 **** Incremental Build of configuration Debug for project lab2 ****
make all 
make: Nothing to be done for 'all'.
20:25:26 **** Incremental Build of configuration Debug for project lab2 ****
make all 
make: Nothing to be done for 'all'.
20:26:10 **** Incremental Build of configuration Debug for project lab2 ****
make all 
make: Nothing to be done for 'all'.
20:29:39 **** Incremental Build of configuration Debug for project lab2 ****
make all 
make: Nothing to be done for 'all'.
20:33:26 **** Incremental Build of configuration Debug for project lab2 ****
make all 
make: Nothing to be done for 'all'.
20:36:29 **** Incremental Build of configuration Debug for project lab2 ****
make all 
make: Nothing to be done for 'all'.
20:37:50 **** Incremental Build of configuration Debug for project lab2 ****
make all 
make: Nothing to be done for 'all'.
20:42:59 **** Incremental Build of configuration Debug for project lab2 ****
make all 
make: Nothing to be done for 'all'.
23:45:43 **** Incremental Build of configuration Debug for project lab2 ****
make all 
make: Nothing to be done for 'all'.
23:47:16 **** Incremental Build of configuration Debug for project lab2 ****
make all 
make: Nothing to be done for 'all'.
23:48:40 **** Incremental Build of configuration Debug for project lab2 ****
make all 
make: Nothing to be done for 'all'.
23:49:51 **** Auto Build of configuration Debug for project lab2 ****
make all 
Building file: ../src/main.cc
Invoking: ARM g++ compiler
arm-xilinx-eabi-g++ -Wall -O0 -g3 -c -fmessage-length=0 -I../../lab2_bsp/ps7_cortexa9_0/include -MMD -MP -MF"src/main.d" -MT"src/main.d" -o "src/main.o" "../src/main.cc"
Finished building: ../src/main.cc
 
Building target: lab2.elf
Invoking: ARM g++ linker
arm-xilinx-eabi-g++ -Wl,-T -Wl,../src/lscript.ld -L../../lab2_bsp/ps7_cortexa9_0/lib -o "lab2.elf" ./src/main.o   -Wl,--start-group,-lxil,-lgcc,-lc,-lstdc++,--end-group
Finished building target: lab2.elf
 
Invoking: ARM Print Size
arm-xilinx-eabi-size lab2.elf  |tee "lab2.elf.size"
   text	   data	    bss	    dec	    hex	filename
 468692	   2556	  38880	 510128	  7c8b0	lab2.elf
Finished building: lab2.elf.size
 
23:50:11 **** Incremental Build of configuration Debug for project lab2 ****
make all 
make: Nothing to be done for 'all'.
23:52:27 **** Auto Build of configuration Debug for project lab2 ****
make all 
Building file: ../src/main.cc
Invoking: ARM g++ compiler
arm-xilinx-eabi-g++ -Wall -O0 -g3 -c -fmessage-length=0 -I../../lab2_bsp/ps7_cortexa9_0/include -MMD -MP -MF"src/main.d" -MT"src/main.d" -o "src/main.o" "../src/main.cc"
Finished building: ../src/main.cc
 
Building target: lab2.elf
Invoking: ARM g++ linker
arm-xilinx-eabi-g++ -Wl,-T -Wl,../src/lscript.ld -L../../lab2_bsp/ps7_cortexa9_0/lib -o "lab2.elf" ./src/main.o   -Wl,--start-group,-lxil,-lgcc,-lc,-lstdc++,--end-group
Finished building target: lab2.elf
 
Invoking: ARM Print Size
arm-xilinx-eabi-size lab2.elf  |tee "lab2.elf.size"
   text	   data	    bss	    dec	    hex	filename
 468692	   2556	  38880	 510128	  7c8b0	lab2.elf
Finished building: lab2.elf.size
 
23:52:36 **** Incremental Build of configuration Debug for project lab2 ****
make all 
make: Nothing to be done for 'all'.
23:53:19 **** Auto Build of configuration Debug for project lab2 ****
make all 
Building file: ../src/main.cc
Invoking: ARM g++ compiler
arm-xilinx-eabi-g++ -Wall -O0 -g3 -c -fmessage-length=0 -I../../lab2_bsp/ps7_cortexa9_0/include -MMD -MP -MF"src/main.d" -MT"src/main.d" -o "src/main.o" "../src/main.cc"
Finished building: ../src/main.cc
 
Building target: lab2.elf
Invoking: ARM g++ linker
arm-xilinx-eabi-g++ -Wl,-T -Wl,../src/lscript.ld -L../../lab2_bsp/ps7_cortexa9_0/lib -o "lab2.elf" ./src/main.o   -Wl,--start-group,-lxil,-lgcc,-lc,-lstdc++,--end-group
Finished building target: lab2.elf
 
Invoking: ARM Print Size
arm-xilinx-eabi-size lab2.elf  |tee "lab2.elf.size"
   text	   data	    bss	    dec	    hex	filename
 468692	   2556	  38880	 510128	  7c8b0	lab2.elf
Finished building: lab2.elf.size
 
23:53:30 **** Incremental Build of configuration Debug for project lab2 ****
make all 
make: Nothing to be done for 'all'.
23:55:34 **** Auto Build of configuration Debug for project lab2 ****
make all 
Building file: ../src/main.cc
Invoking: ARM g++ compiler
arm-xilinx-eabi-g++ -Wall -O0 -g3 -c -fmessage-length=0 -I../../lab2_bsp/ps7_cortexa9_0/include -MMD -MP -MF"src/main.d" -MT"src/main.d" -o "src/main.o" "../src/main.cc"
Finished building: ../src/main.cc
 
Building target: lab2.elf
Invoking: ARM g++ linker
arm-xilinx-eabi-g++ -Wl,-T -Wl,../src/lscript.ld -L../../lab2_bsp/ps7_cortexa9_0/lib -o "lab2.elf" ./src/main.o   -Wl,--start-group,-lxil,-lgcc,-lc,-lstdc++,--end-group
Finished building target: lab2.elf
 
Invoking: ARM Print Size
arm-xilinx-eabi-size lab2.elf  |tee "lab2.elf.size"
   text	   data	    bss	    dec	    hex	filename
 468756	   2556	  38880	 510192	  7c8f0	lab2.elf
Finished building: lab2.elf.size
 
23:55:40 **** Incremental Build of configuration Debug for project lab2 ****
make all 
make: Nothing to be done for 'all'.
23:56:49 **** Auto Build of configuration Debug for project lab2 ****
make all 
Building file: ../src/main.cc
Invoking: ARM g++ compiler
arm-xilinx-eabi-g++ -Wall -O0 -g3 -c -fmessage-length=0 -I../../lab2_bsp/ps7_cortexa9_0/include -MMD -MP -MF"src/main.d" -MT"src/main.d" -o "src/main.o" "../src/main.cc"
Finished building: ../src/main.cc
 
Building target: lab2.elf
Invoking: ARM g++ linker
arm-xilinx-eabi-g++ -Wl,-T -Wl,../src/lscript.ld -L../../lab2_bsp/ps7_cortexa9_0/lib -o "lab2.elf" ./src/main.o   -Wl,--start-group,-lxil,-lgcc,-lc,-lstdc++,--end-group
Finished building target: lab2.elf
 
Invoking: ARM Print Size
arm-xilinx-eabi-size lab2.elf  |tee "lab2.elf.size"
   text	   data	    bss	    dec	    hex	filename
 468692	   2556	  38880	 510128	  7c8b0	lab2.elf
Finished building: lab2.elf.size
 
23:57:18 **** Incremental Build of configuration Debug for project lab2 ****
make all 
make: Nothing to be done for 'all'.
23:57:59 **** Auto Build of configuration Debug for project lab2 ****
make all 
Building file: ../src/main.cc
Invoking: ARM g++ compiler
arm-xilinx-eabi-g++ -Wall -O0 -g3 -c -fmessage-length=0 -I../../lab2_bsp/ps7_cortexa9_0/include -MMD -MP -MF"src/main.d" -MT"src/main.d" -o "src/main.o" "../src/main.cc"
Finished building: ../src/main.cc
 
Building target: lab2.elf
Invoking: ARM g++ linker
arm-xilinx-eabi-g++ -Wl,-T -Wl,../src/lscript.ld -L../../lab2_bsp/ps7_cortexa9_0/lib -o "lab2.elf" ./src/main.o   -Wl,--start-group,-lxil,-lgcc,-lc,-lstdc++,--end-group
Finished building target: lab2.elf
 
Invoking: ARM Print Size
arm-xilinx-eabi-size lab2.elf  |tee "lab2.elf.size"
   text	   data	    bss	    dec	    hex	filename
 468692	   2556	  38880	 510128	  7c8b0	lab2.elf
Finished building: lab2.elf.size
 
